✔ GET /api/terminal/providers reports the native provider truthfully (2636.3107ms)
✔ GET /api/terminal/sessions starts empty (152.4699ms)
✔ no PTY is ever spawned without an approved terminal.session.start (409) (8.8386ms)
✔ approved open admits exactly one PTY and reports a running owned session (61.6588ms)
✔ approved open with an unknown provider fails closed with NOT_READY (56.7732ms)
✔ WebSocket control: owner input/resize flow, intruder control is refused, output is owner-only (339.6908ms)
✔ handleControl fails closed on malformed payloads, ambient identity, and wrong owner (121.2554ms)
✔ backpressure: output drains in bounded frames and reports honest truncation (979.0156ms)
✔ a newly paired operator needs an approved exact-session resume before reattaching to an existing PTY (511.8678ms)
✔ stop by the owner stops the session; stop by another actor is refused (243.5651ms)
✔ env scrub drops secrets while keeping a safe core (0.4285ms)
✔ cwd translation maps Windows paths into WSL mounts and leaves native paths alone (0.2997ms)
✔ Cipher defaults to ASK and keeps the direct conversation path separate (1.5919ms)
✔ Cipher PLAN uses the governed read-only Planner role (0.1857ms)
✔ Cipher ACT uses the governed Coder role (0.1268ms)
✔ Cipher keeps one composer while routing ASK, governed roles, and typed AgentLoop events to their owners (1.3108ms)
✔ ASK re-ask in ask uses only its pinned conversation and preserves the unrelated composer draft (6.8637ms)
✔ ASK re-ask in plan uses only its pinned conversation and preserves the unrelated composer draft (1.4837ms)
✔ ASK re-ask in act uses only its pinned conversation and preserves the unrelated composer draft (1.9006ms)
✔ interleaved governed evidence survives empty ASK cleanup without a phantom assistant (2.2656ms)
✔ interleaved governed evidence survives error ASK cleanup without a phantom assistant (1.9314ms)
✔ interleaved governed evidence survives abort ASK cleanup without a phantom assistant (1.9359ms)
✔ direct governed submission cannot bypass the streaming composer guard (3.8721ms)
✔ slow conversation restoration preserves governed events received during initialization (1.8413ms)
✔ Termux palette import maps only supported local six-digit color values (1.6233ms)
✔ Termux palette import rejects oversized files and retains semantic terminal roles (0.795ms)
✔ Cipher microphone and wake-word remain off or unavailable by default (0.6612ms)
✔ readiness speech is derived from the canonical readiness boolean (0.4068ms)
✔ first launch opens the shared coding workstation with Workspace and two terminal views (3.6548ms)
✔ corrupt or unavailable persistence fails safely to Coding without throwing (0.56ms)
✔ layout codec rejects invalid bounds and duplicate singleton windows (0.3383ms)
✔ window actions preserve singleton identity, clamps, focus, and snap/maximize recovery (1.2147ms)
✔ named layouts, custom save, startup restore, and reset remain separate from app state (1.3084ms)
✔ storage write errors are reported as unavailable rather than escaping (0.5033ms)
✔ external document reconciliation ignores a write that left disk at its saved snapshot (0.8293ms)
✔ external document reconciliation preserves a dirty buffer when disk has a different version (0.2061ms)
✔ external document reconciliation marks a dirty buffer clean when it exactly matches disk (0.1892ms)
✔ external document reconciliation reloads a clean buffer when disk changed (0.1836ms)
✔ output recovery waits for an authenticated acknowledged terminal subscription (4.1869ms)
✔ disconnect surfaces stale transport and unsubscribe/dispose prevent late recovery callbacks (2.5996ms)
✔ snapshot and racing live frames render each code unit once across delayed subscription (2.2774ms)
✔ a missing offset interval requests owner recovery rather than silently losing output (0.3309ms)
✔ pending output is bounded and truncated recovery remains explicit (0.3862ms)
✔ reattach cannot transmit input or resize before confirmation; separate windows reject duplicate binding and filter output (29.139ms)
✔ disposal during Authority reattach cancels view work; late confirmation cannot restore input or resize (1.5502ms)
✔ session-open is serialized and disposal retains canonical recovery ownership without manufacturing a live view (1.6018ms)
✔ mismatched reattach response never authorizes stdin or leaves a claimed display (1.3673ms)
✔ reattach without a subscribed socket recovers canonical history; reconnect refreshes it and late recovery cannot resurrect a disposed view (1.8738ms)
✔ active sessions retain a read-only refresh control without opening another session or repeating Authority reattach (1.6793ms)
✔ historical terminal parser replies and operator input cannot reach the PTY before asynchronous replay parsing completes (1.325ms)
✔ approved service resume returns bounded replay even without a subscribed event socket (5.2094ms)
✔ snapshot offsets fence undrained output and owner reads refuse foreign callers (26.738ms)
✔ finished sessions discard replay buffers while live replay remains available (8.1112ms)
✔ independent views claim distinct service sessions and cannot duplicate another live binding (0.9627ms)
✔ wrong-window release cannot free another binding and one view cannot silently retarget (0.2327ms)
✔ presentation bindings cannot grant, start, resume, persist or stop canonical sessions (0.1714ms)
✔ fresh workstation uses the accepted phosphor tokens and compact monospace chrome (1.3289ms)
✔ normal, secondary and muted text meet 4.5 contrast on each opaque workstation surface (0.9892ms)
✔ a minimum-sized terminal stays inside a short work area instead of extending behind the dock (2.8554ms)
✔ a small viewport caps application minima and preserves visible window controls (0.2391ms)
✔ coding starts the existing editor and two distinct terminal window instances (1.9251ms)
✔ two windows of one app focus, resize, minimize and close independently (0.835ms)
✔ singleton openNew focuses its existing window and multi-instance creation is bounded (0.3839ms)
✔ legacy layouts decode into the same identities without resetting user bounds (0.2844ms)
✔ layout rejects duplicate instances, forged singleton instances and privileged saved fields (0.244ms)
✔ saved multi-window layout preserves instance bounds across restore and ignores invalid geometry (0.5377ms)
ℹ tests 66
ℹ suites 0
ℹ pass 66
ℹ fail 0
ℹ cancelled 0
ℹ skipped 0
ℹ todo 0
ℹ duration_ms 10693.3542
