✔ GET /api/terminal/providers reports the native provider truthfully (2433.853ms)
✔ GET /api/terminal/sessions starts empty (105.5544ms)
✔ no PTY is ever spawned without an approved terminal.session.start (409) (17.8739ms)
✔ approved open admits exactly one PTY and reports a running owned session (162.8729ms)
✔ approved open with an unknown provider fails closed with NOT_READY (92.116ms)
✔ WebSocket control: owner input/resize flow, intruder control is refused, output is owner-only (338.2151ms)
✔ handleControl fails closed on malformed payloads, ambient identity, and wrong owner (76.8411ms)
✔ backpressure: output drains in bounded frames and reports honest truncation (190.6826ms)
✔ a newly paired operator needs an approved exact-session resume before reattaching to an existing PTY (792.944ms)
✔ stop by the owner stops the session; stop by another actor is refused (5434.3036ms)
✔ env scrub drops secrets while keeping a safe core (0.4646ms)
✔ cwd translation maps Windows paths into WSL mounts and leaves native paths alone (0.3821ms)
✔ Cipher defaults to ASK and keeps the direct conversation path separate (2.4237ms)
✔ Cipher PLAN uses the governed read-only Planner role (0.2511ms)
✔ Cipher ACT uses the governed Coder role (0.1794ms)
✔ Cipher keeps one composer while routing ASK, governed roles, and typed AgentLoop events to their owners (2.3219ms)
✔ ASK re-ask in ask uses only its pinned conversation and preserves the unrelated composer draft (7.0463ms)
✔ ASK re-ask in plan uses only its pinned conversation and preserves the unrelated composer draft (1.8742ms)
✔ ASK re-ask in act uses only its pinned conversation and preserves the unrelated composer draft (2.4958ms)
✔ interleaved governed evidence survives empty ASK cleanup without a phantom assistant (1.9472ms)
✔ interleaved governed evidence survives error ASK cleanup without a phantom assistant (1.2493ms)
✔ interleaved governed evidence survives abort ASK cleanup without a phantom assistant (1.3013ms)
✔ direct governed submission cannot bypass the streaming composer guard (5.2296ms)
✔ slow conversation restoration preserves governed events received during initialization (1.4907ms)
✔ Termux palette import maps only supported local six-digit color values (1.6287ms)
✔ Termux palette import rejects oversized files and retains semantic terminal roles (0.5722ms)
✔ Cipher microphone and wake-word remain off or unavailable by default (0.4231ms)
✔ readiness speech is derived from the canonical readiness boolean (0.2336ms)
✔ first launch opens the shared coding workstation with Workspace and two terminal views (4.0236ms)
✔ corrupt or unavailable persistence fails safely to Coding without throwing (1.7584ms)
✔ layout codec rejects invalid bounds and duplicate singleton windows (1.2851ms)
✔ window actions preserve singleton identity, clamps, focus, and snap/maximize recovery (3.0549ms)
✔ named layouts, custom save, startup restore, and reset remain separate from app state (0.6986ms)
✔ storage write errors are reported as unavailable rather than escaping (0.2218ms)
✔ external document reconciliation ignores a write that left disk at its saved snapshot (0.9565ms)
✔ external document reconciliation preserves a dirty buffer when disk has a different version (0.1644ms)
✔ external document reconciliation marks a dirty buffer clean when it exactly matches disk (0.1292ms)
✔ external document reconciliation reloads a clean buffer when disk changed (0.1509ms)
✔ output recovery waits for an authenticated acknowledged terminal subscription (2.9394ms)
✔ disconnect surfaces stale transport and unsubscribe/dispose prevent late recovery callbacks (2.4966ms)
✔ snapshot and racing live frames render each code unit once across delayed subscription (1.8991ms)
✔ a missing offset interval requests owner recovery rather than silently losing output (0.2934ms)
✔ pending output is bounded and truncated recovery remains explicit (0.4766ms)
✔ reattach cannot transmit input or resize before confirmation; separate windows reject duplicate binding and filter output (29.3209ms)
✔ disposal during Authority reattach cancels view work; late confirmation cannot restore input or resize (1.5828ms)
✔ session-open is serialized and disposal retains canonical recovery ownership without manufacturing a live view (1.4257ms)
✔ mismatched reattach response never authorizes stdin or leaves a claimed display (1.3005ms)
✔ reattach without a subscribed socket recovers canonical history; reconnect refreshes it and late recovery cannot resurrect a disposed view (2.0112ms)
✔ active sessions retain a read-only refresh control without opening another session or repeating Authority reattach (2.8417ms)
✔ historical terminal parser replies and operator input cannot reach the PTY before asynchronous replay parsing completes (1.5789ms)
✔ approved service resume returns bounded replay even without a subscribed event socket (3.0729ms)
✔ snapshot offsets fence undrained output and owner reads refuse foreign callers (26.1272ms)
✔ finished sessions discard replay buffers while live replay remains available (5.5752ms)
✔ independent views claim distinct service sessions and cannot duplicate another live binding (2.0345ms)
✔ wrong-window release cannot free another binding and one view cannot silently retarget (0.3197ms)
✔ presentation bindings cannot grant, start, resume, persist or stop canonical sessions (0.19ms)
✔ fresh workstation uses the accepted phosphor tokens and compact monospace chrome (0.9864ms)
✔ normal, secondary and muted text meet 4.5 contrast on each opaque workstation surface (0.8291ms)
✔ a minimum-sized terminal stays inside a short work area instead of extending behind the dock (1.7768ms)
✔ a small viewport caps application minima and preserves visible window controls (0.4489ms)
✔ coding starts the existing editor and two distinct terminal window instances (5.236ms)
✔ two windows of one app focus, resize, minimize and close independently (1.4307ms)
✔ singleton openNew focuses its existing window and multi-instance creation is bounded (0.4111ms)
✔ legacy layouts decode into the same identities without resetting user bounds (0.2563ms)
✔ layout rejects duplicate instances, forged singleton instances and privileged saved fields (0.2199ms)
✔ saved multi-window layout preserves instance bounds across restore and ignores invalid geometry (0.5063ms)
ℹ tests 66
ℹ suites 0
ℹ pass 66
ℹ fail 0
ℹ cancelled 0
ℹ skipped 0
ℹ todo 0
ℹ duration_ms 15803.4049
