[36mvite v8.3.0 [32mbuilding client environment for production...[36m[39m
transforming...
✓ 1436 modules transformed.
rendering chunks...
computing gzip size...
browser/dist/index.html                                  0.39 kB │ gzip:     0.26 kB
browser/dist/assets/codicon-Brq4_Ui5.ttf               140.95 kB
browser/dist/assets/editor.worker-DKXjC3Lf.js          300.34 kB
browser/dist/assets/CascadiaMono-CczloBlV.ttf          371.35 kB
browser/dist/assets/json.worker-izi4BK3w.js            429.56 kB
browser/dist/assets/html.worker-B4rXkk6r.js            739.90 kB
browser/dist/assets/css.worker-NNelxtRr.js           1,074.84 kB
browser/dist/assets/ts.worker-9_CJKYKz.js            6,913.15 kB
browser/dist/assets/index-Rh22mHMw.css                 473.82 kB │ gzip:   137.65 kB
browser/dist/assets/javascript-CaP-uahs.js               0.68 kB │ gzip:     0.41 kB
browser/dist/assets/azcli-Bc_sGQ0U.js                    0.70 kB │ gzip:     0.28 kB
browser/dist/assets/ini-sBoK_t0W.js                      0.96 kB │ gzip:     0.49 kB
browser/dist/assets/workers-BLEa67Pu.js                  1.21 kB │ gzip:     0.56 kB
browser/dist/assets/csp-bTuwJoIa.js                      1.27 kB │ gzip:     0.48 kB
browser/dist/assets/pla-CopQ2nXW.js                      1.54 kB │ gzip:     0.60 kB
browser/dist/assets/scheme-BeGwcela.js                   1.62 kB │ gzip:     0.77 kB
browser/dist/assets/flow9-C5_-GSwl.js                    1.66 kB │ gzip:     0.80 kB
browser/dist/assets/sb-CcwsVR0C.js                       1.68 kB │ gzip:     0.78 kB
browser/dist/assets/bat-i0X4ZdIN.js                      1.69 kB │ gzip:     0.82 kB
browser/dist/assets/dockerfile-DZFCIeNp.js               1.72 kB │ gzip:     0.63 kB
browser/dist/assets/pascaligo-D-ptJ9y-.js                1.85 kB │ gzip:     0.86 kB
browser/dist/assets/xml-ChcYSwhH.js                      1.91 kB │ gzip:     0.72 kB
browser/dist/assets/cameligo-DMUM7wLl.js                 1.97 kB │ gzip:     0.91 kB
browser/dist/assets/lua-CsQS60Ue.js                      1.98 kB │ gzip:     0.88 kB
browser/dist/assets/objective-c-FvmIjYaQ.js              2.10 kB │ gzip:     1.01 kB
browser/dist/assets/graphql-fmXr3nnJ.js                  2.11 kB │ gzip:     0.99 kB
browser/dist/assets/sparql-D_Lu-MrJ.js                   2.21 kB │ gzip:     1.10 kB
browser/dist/assets/lexon-CfSJPG6W.js                    2.28 kB │ gzip:     0.88 kB
browser/dist/assets/mips-CIPQ_RoX.js                     2.32 kB │ gzip:     1.02 kB
browser/dist/assets/go-C-y9NEjX.js                       2.35 kB │ gzip:     1.11 kB
browser/dist/assets/bicep-B5-_aFwp.js                    2.36 kB │ gzip:     0.91 kB
browser/dist/assets/sophia-CRfGWb83.js                   2.48 kB │ gzip:     1.15 kB
browser/dist/assets/m3-D-oSqn_W.js                       2.52 kB │ gzip:     1.29 kB
browser/dist/assets/typespec-B8J7ngcE.js                 2.62 kB │ gzip:     1.01 kB
browser/dist/assets/pascal-DrH0SRf2.js                   2.63 kB │ gzip:     1.35 kB
browser/dist/assets/fsharp-C8Ef5oNN.js                   2.65 kB │ gzip:     1.27 kB
browser/dist/assets/qsharp-DkqhCAOL.js                   2.72 kB │ gzip:     1.37 kB
browser/dist/assets/shell-CC2rA5mh.js                    2.81 kB │ gzip:     1.16 kB
browser/dist/assets/r-BwWrilGY.js                        2.83 kB │ gzip:     1.25 kB
browser/dist/assets/java-BEtHBSE6.js                     2.90 kB │ gzip:     1.34 kB
browser/dist/assets/cssMode-BglFrt4M.js                  2.94 kB │ gzip:     1.12 kB
browser/dist/assets/redis-ClamHrr6.js                    3.03 kB │ gzip:     1.41 kB
browser/dist/assets/kotlin-BOotOW0E.js                   3.04 kB │ gzip:     1.41 kB
browser/dist/assets/cypher-CVaqCwHa.js                   3.04 kB │ gzip:     1.40 kB
browser/dist/assets/powershell-DmHpPYUd.js               3.05 kB │ gzip:     1.33 kB
browser/dist/assets/tcl-DISqw1ZD.js                      3.27 kB │ gzip:     1.32 kB
browser/dist/assets/liquid-Khna-P33.js                   3.33 kB │ gzip:     1.41 kB
browser/dist/assets/coffee-Ba7i2nA0.js                   3.36 kB │ gzip:     1.24 kB
browser/dist/assets/htmlMode-C6DCcN1_.js                 3.40 kB │ gzip:     1.24 kB
browser/dist/assets/hcl-CpzslTdj.js                      3.44 kB │ gzip:     1.45 kB
browser/dist/assets/python-eFrA5h-w.js                   3.45 kB │ gzip:     1.42 kB
browser/dist/assets/apex-BWPQTe0t.js                     3.46 kB │ gzip:     1.70 kB
browser/dist/assets/yaml-CRqr5cR5.js                     3.53 kB │ gzip:     1.28 kB
browser/dist/assets/markdown-Cimd5fb3.js                 3.63 kB │ gzip:     1.34 kB
browser/dist/assets/rust-DdL9SqIa.js                     3.66 kB │ gzip:     1.80 kB
browser/dist/assets/restructuredtext-BYgofb2h.js         3.74 kB │ gzip:     1.32 kB
browser/dist/assets/less-B9JPFI3C.js                     3.74 kB │ gzip:     1.36 kB
browser/dist/assets/dart-onAF5SnQ.js                     3.93 kB │ gzip:     1.60 kB
browser/dist/assets/csharp-BKxtCVv1.js                   4.11 kB │ gzip:     1.66 kB
browser/dist/assets/msdax-DauUninz.js                    4.27 kB │ gzip:     1.87 kB
browser/dist/assets/mdx-Ll53YPVT.js                      4.31 kB │ gzip:     1.20 kB
browser/dist/assets/css-DIMkf-bt.js                      4.36 kB │ gzip:     1.33 kB
browser/dist/assets/pug-Z5eAx3Zn.js                      4.46 kB │ gzip:     1.60 kB
browser/dist/assets/swift-Bxkupp3x.js                    4.48 kB │ gzip:     1.99 kB
browser/dist/assets/html-DzOILhs3.js                     4.51 kB │ gzip:     1.14 kB
browser/dist/assets/ecl-D05T4iGw.js                      4.62 kB │ gzip:     2.19 kB
browser/dist/assets/typescript-Dk_-Ll02.js               4.67 kB │ gzip:     1.93 kB
browser/dist/assets/cpp-C7h46wYY.js                      4.74 kB │ gzip:     2.02 kB
browser/dist/assets/vb-DV3o63ZY.js                       5.30 kB │ gzip:     2.01 kB
browser/dist/assets/twig-De2hgUGE.js                     5.78 kB │ gzip:     1.48 kB
browser/dist/assets/scss-gp-XZpBa.js                     6.26 kB │ gzip:     1.70 kB
browser/dist/assets/handlebars-B839dGIU.js               6.27 kB │ gzip:     1.37 kB
browser/dist/assets/julia-Bri6UV-V.js                    6.50 kB │ gzip:     2.64 kB
browser/dist/assets/systemverilog-Bz4Y3fRF.js            6.85 kB │ gzip:     2.72 kB
browser/dist/assets/st-DbInun42.js                       6.94 kB │ gzip:     2.24 kB
browser/dist/assets/scala-DHpiXF5c.js                    7.11 kB │ gzip:     2.07 kB
browser/dist/assets/wgsl-DpFanUEy.js                     7.18 kB │ gzip:     2.73 kB
browser/dist/assets/perl-oz_6vUea.js                     7.35 kB │ gzip:     3.10 kB
browser/dist/assets/postiats-43DmfD33.js                 7.36 kB │ gzip:     2.39 kB
browser/dist/assets/php-nr791fC2.js                      7.74 kB │ gzip:     2.03 kB
browser/dist/assets/razor-B27hlzr7.js                    8.10 kB │ gzip:     2.04 kB
browser/dist/assets/clojure-Cm7r79vr.js                  8.21 kB │ gzip:     3.49 kB
browser/dist/assets/ruby-DezsRK8O.js                     8.21 kB │ gzip:     2.55 kB
browser/dist/assets/sql-NEE52Syq.js                      8.84 kB │ gzip:     3.73 kB
browser/dist/assets/protobuf-C531GsRP.js                 8.89 kB │ gzip:     2.04 kB
browser/dist/assets/mysql-SOo6toE5.js                    9.65 kB │ gzip:     3.98 kB
browser/dist/assets/elixir-6RTg0lbw.js                  10.11 kB │ gzip:     2.50 kB
browser/dist/assets/redshift-DT7zqm-g.js                10.33 kB │ gzip:     4.24 kB
browser/dist/assets/abap-08VXUWAP.js                    11.69 kB │ gzip:     5.15 kB
browser/dist/assets/pgsql-DTj74zXo.js                   11.91 kB │ gzip:     4.42 kB
browser/dist/assets/jsonMode-B0VUnbn_.js                12.17 kB │ gzip:     4.44 kB
browser/dist/assets/powerquery-D3hlyOfw.js              15.34 kB │ gzip:     4.73 kB
browser/dist/assets/freemarker2-DPXHe26a.js             15.54 kB │ gzip:     3.97 kB
browser/dist/assets/solidity-BEEn4gHE.js                15.99 kB │ gzip:     4.39 kB
browser/dist/assets/tsMode-CWouh7mH.js                  21.80 kB │ gzip:     6.14 kB
browser/dist/assets/lspLanguageFeatures-Bt_Xyj3E.js     28.21 kB │ gzip:     7.17 kB
browser/dist/assets/index-t5efbD1g.js                4,697.72 kB │ gzip: 1,213.37 kB

[32m✓ built in 8.39s[39m

Running 3 tests using 1 worker

  ok 1 tests\e2e\terminal-authority-refresh.spec.ts:7:1 › Terminal discovers and reattaches to a running session after Authority pairing (5.5s)
  x  2 tests\e2e\workstation-dual-terminals.spec.ts:8:1 › two workstation windows own distinct native PTYs and preserve their sessions through window actions (43.9s)
  ok 3 tests\e2e\workstation-real-mutation.spec.ts:11:1 › real paired AgentLoop mutation reaches the same Monaco session and preserves its dirty draft (11.5s)


  1) tests\e2e\workstation-dual-terminals.spec.ts:8:1 › two workstation windows own distinct native PTYs and preserve their sessions through window actions 

    Error: expect(locator).toContainText(expected) failed

    Locator: locator('.desktop-window[data-instance-id="terminal"]').locator('.xterm-screen')
    Expected substring: "COVERT_RESTORE_582d1ff475754a7eb91368dc263582c4"
    Received string:    "00000000000000000000000000000000................................77777777777777777777777777777777555;7> [?1;2cWrite-Output ('COVERT_RESTORE_' + '582d1ff475754a7eb91368dc263582c4')ParserError: Line |   1 |  [?1;2cWrite-Output ('COVERT_RESTORE_' + '582d1ff475754a7eb91368dc2635 …     |   ~     | Missing type name after '['.PS E:\\pip_temp\\covert-workstation-e2e-b33855e3-d54b-49ef-bb20-1d450eeefcc2>                                                                      "
    Timeout: 15000ms

    Call log:
      - Expect "toContainText" locator('.desktop-window[data-instance-id="terminal"]').locator('.xterm-screen') with timeout 15000ms
      - waiting for locator('.desktop-window[data-instance-id="terminal"]').locator('.xterm-screen')
        - locator resolved to <div class="xterm-screen">…</div>
        - unexpected value "6666666666666666666666666666666677777777777777777777777777777777555;7> [?1;2cWrite-Output ('COVERT_RESTORE_' + '582d1ff475754a7eb91368dc263582c                                                                     "
        8 × locator resolved to <div class="xterm-screen">…</div>
          - unexpected value "))))))))))))))))))))))))))))))))77777777777777777777777777777777555;7> [?1;2cWrite-Output ('COVERT_RESTORE_' + '582d1ff475754a7eb91368dc263582c4')                                                                     "
        24 × locator resolved to <div class="xterm-screen">…</div>
           - unexpected value "00000000000000000000000000000000................................77777777777777777777777777777777555;7> [?1;2cWrite-Output ('COVERT_RESTORE_' + '582d1ff475754a7eb91368dc263582c4')ParserError: Line |   1 |  [?1;2cWrite-Output ('COVERT_RESTORE_' + '582d1ff475754a7eb91368dc2635 …     |   ~     | Missing type name after '['.PS E:\pip_temp\covert-workstation-e2e-b33855e3-d54b-49ef-bb20-1d450eeefcc2>                                                                      "


      120 |     await first.locator('.xterm-helper-textarea').pressSequentially(`Write-Output ('COVERT_RESTORE_' + '${suffixD}')`);
      121 |     await first.locator('.xterm-helper-textarea').press('Enter');
    > 122 |     await expect(first.locator('.xterm-screen')).toContainText(d);
          |                                                  ^
      123 |     await expect(second.locator('.xterm-screen')).not.toContainText(d);
      124 |     expect(opened.length).toBe(2);
      125 |     await page.screenshot({ path: test.info().outputPath('covert-retro-dual-native-terminals.png'), fullPage: true });
        at E:\covert-workstation-integration-saul-20261006\tests\e2e\workstation-dual-terminals.spec.ts:122:50

    Error Context: test-results\workstation-dual-terminals-c2297-ions-through-window-actions\error-context.md

  1 failed
    tests\e2e\workstation-dual-terminals.spec.ts:8:1 › two workstation windows own distinct native PTYs and preserve their sessions through window actions 
  2 passed (1.2m)
