npm warn Unknown env config "http-proxy". This will stop working in the next major version of npm.

> aide-sovereign-workbench@0.1.0-preflight test:workstation-foundation
> node --test tests/unit/test-workstation-drop-intent.mjs tests/unit/test-workstation-environment-profile.mjs tests/unit/test-workstation-presence.mjs tests/unit/test-workstation-media-lifecycle.mjs

✔ file drops form a scoped preview intent without approving execution (4.894225ms)
✔ project dispatches only its appropriate target (1.045255ms)
✔ file dispatches only its appropriate target (0.485001ms)
✔ model-artifact dispatches only its appropriate target (0.536949ms)
✔ profile dispatches only its appropriate target (0.433002ms)
✔ tool dispatches only its appropriate target (0.403758ms)
✔ application dispatches only its appropriate target (0.346933ms)
✔ native file metadata requests inspection without revealing a host path (2.520848ms)
✔ HTML is not a resource refuses before owner inspection (1.357035ms)
✔ URI does not trigger fetch refuses before owner inspection (1.204285ms)
✔ invalid JSON refuses before owner inspection (5.071792ms)
✔ oversized input refuses before owner inspection (3.439794ms)
✔ command field refuses before owner inspection (1.450006ms)
✔ prototype field refuses before owner inspection (1.279849ms)
✔ path field refuses before owner inspection (1.937875ms)
✔ foreign project refuses before owner inspection (0.704211ms)
✔ stale root refuses before owner inspection (0.235975ms)
✔ invalid geometry-free project binding and resource revisions reject (0.853306ms)
✔ no registered owner yields unavailable rather than a successful preview (0.72994ms)
✔ owner inspection is still effect-disabled and immutable (0.852504ms)
✔ project changes while an owner read is in flight discard the result (0.998915ms)
✔ root changes while an owner read is in flight discard the result (1.003362ms)
✔ invalidate cancels a hung owner read instead of resurrecting its preview (0.8829ms)
✔ dispose rejects new requests and cancels the previous one (1.088951ms)
✔ transfer accessors are rejected without invoking their getters (0.227863ms)
✔ native file element accessors are rejected before indexing (0.516508ms)
✔ owner cannot substitute resource identity or leak arbitrary fields (1.722165ms)
✔ concurrent inspection count is bounded and can be cancelled (1.668424ms)
✔ an unresponsive owner times out without any implicit fallback (27.075699ms)
✔ native metadata cannot masquerade as an authenticated file selection (0.608397ms)
✔ cancelled owner reads retain capacity until the owner actually settles (1.160629ms)
✔ complete profile preserves distinct references and layout without execution (4.543636ms)
✔ missing capabilities are listed without installation, grants or cloud routing (0.880046ms)
✔ catalog absence and owner errors stay unknown rather than missing or ready (1.078645ms)
✔ present catalog entry is not an authenticated or qualified route (1.179918ms)
✔ minimal profile supplies empty declarations without inventing defaults that run (0.454705ms)
✔ profile field command is rejected rather than silently activated (0.782809ms)
✔ profile field install is rejected rather than silently activated (0.322316ms)
✔ profile field credentials is rejected rather than silently activated (0.311519ms)
✔ profile field permissions is rejected rather than silently activated (0.316296ms)
✔ profile field cloudRouting is rejected rather than silently activated (0.528967ms)
✔ profile field hooks is rejected rather than silently activated (0.328345ms)
✔ terminal declarations cannot carry commands or raw shell strings (0.526333ms)
✔ duplicate window, terminal and role identities are rejected (1.361802ms)
✔ negative, oversized and nonfinite geometry cannot be restored (0.674947ms)
✔ resource array and total payload sizes are bounded (0.375846ms)
✔ prototype metadata and changed versions are not accepted (0.299621ms)
✔ inspection snapshots cannot be changed by later caller mutation (0.65663ms)
✔ invalid or absent project binding cannot apply a profile (1.262162ms)
✔ stopping both owned paths confirms observation without a model dependency (5.05037ms)
✔ a returned acknowledgment cannot overrule an active observed capture (1.451948ms)
✔ capture failure does not prevent stopping output (1.066998ms)
✔ unavailable observation cannot be called confirmed containment (0.908539ms)
✔ hanging stop is bounded while other path still stops (21.395579ms)
✔ concurrent stop reasons share one in-flight operation (0.460704ms)
✔ repeat attempts do not multiply a stop that has not actually settled (21.991703ms)
✔ hanging observation remains bounded and does not multiply (21.763438ms)
✔ operator stops optional media without restoring or starting it (0.839124ms)
✔ buddy-off stops optional media without restoring or starting it (0.493784ms)
✔ lock stops optional media without restoring or starting it (0.249616ms)
✔ sleep stops optional media without restoring or starting it (0.255175ms)
✔ restart stops optional media without restoring or starting it (0.106411ms)
✔ project-switch stops optional media without restoring or starting it (0.117416ms)
✔ dispose stops optional media without restoring or starting it (0.11291ms)
✔ renderer failure cannot prevent deterministic media teardown (0.549638ms)
✔ missing adapters are explicitly not configured rather than active devices (0.165319ms)
✔ an unrelated action is not accepted as a teardown reason (1.079227ms)
✔ malformed observed state remains unknown instead of coercing true to inactive (0.156847ms)
✔ an old inactive observation cannot confirm a later failed teardown (16.418706ms)
✔ idle requires fresh owner facts rather than a cosmetic gesture (3.939746ms)
✔ actual running task projects working but never verified success (1.043753ms)
✔ media dimensions coexist with an offline Resident (0.497129ms)
✔ stale facts become unknown, not inactive or ready (0.437279ms)
✔ foreign project or root generation cannot manufacture work or recording state (0.724091ms)
✔ future timestamps and task without identity are unknown (0.740325ms)
✔ pending decision is waiting, not delegated or verified (0.41178ms)
✔ warning and active capture retain distinct visible truth (0.46458ms)
✔ all four families preserve Resident identity, task and media facts (4.27422ms)
✔ cosmetic laptop or personality fields cannot overwrite operational truth (1.740733ms)
✔ hidden presence cancels optional rendering and timers; show reconciles freshness (0.701727ms)
✔ reduced motion is static; only one bounded freshness timer exists (0.467875ms)
✔ input mutation cannot change stored facts or skip expiry (0.98236ms)
✔ same semantic observation does not generate avatar chatter (13.500734ms)
✔ unbound and absent owner truth stay distinct (2.151112ms)
✔ unknown family and malformed owner records cannot execute contributions (0.600845ms)
✔ disposal cleans timers and remains terminal when the final renderer throws (0.582678ms)
✔ hiding cancels expiry even when rendering fails and a queued callback arrives late (0.68341ms)
ℹ tests 87
ℹ suites 0
ℹ pass 87
ℹ fail 0
ℹ cancelled 0
ℹ skipped 0
ℹ todo 0
ℹ duration_ms 283.481718
