npm warn Unknown env config "http-proxy". This will stop working in the next major version of npm.

> aide-sovereign-workbench@0.1.0-preflight test
> npm run test:workstation-foundation && node --test tests/unit/test-facade.mjs && node --test tests/unit/test-desktop-lifecycle-contract.mjs && node --test tests/unit/test-start-frontend.mjs && node --test tests/unit/test-secret-store.mjs && node tests/unit/test-memory-spine.mjs && node tests/unit/test-memory-blocks.mjs && node tests/smoke.mjs && node scripts/ui-audit.mjs && npm run build:frontend && node --test tests/integration/test-canonical-launch.mjs && node scripts/egress-audit.mjs && node scripts/view-switch-contract.mjs && node scripts/git-ui-contract.mjs && node scripts/task-ui-contract.mjs && node scripts/hot-exit-contract.mjs && node scripts/editor-smoke.mjs && node scripts/acceptance-real.mjs && node scripts/acceptance-p0.mjs && node harness/test-orchestrator.mjs && node harness/test-veritas.mjs && node daemon/test-model-manager.mjs && node daemon/test-community-store.mjs && node daemon/test-lsp-manager.mjs && node daemon/test-dap-manager.mjs && node daemon/test-process-check.mjs && node daemon/test-dap-fixture.mjs && node daemon/test-workspace-manager.mjs && node daemon/test-training-manager.mjs && node daemon/test-replay-store.mjs && node daemon/test-agent-policy.mjs && node daemon/test-blueprint.mjs && node daemon/test-operator.mjs && node daemon/test-workflow.mjs && node daemon/test-handoff.mjs && node academy/test-tutor-manager.mjs && node plugins/test-manager.mjs && node tasks/test-manager.mjs && node session/test-store.mjs && node editor/test-undo-stack.mjs && node editor/test-groups.mjs && node artifacts/test-store.mjs && node providers/test-manager.mjs && node scripts/test-git-api.mjs && node benchmarks/test-run.mjs && node benchmarks/test-arena.mjs && node capsules/test-create.mjs && node scripts/sandbox-battery.mjs && node scripts/sandbox-flow-battery.mjs && node scripts/experts-battery.mjs && node scripts/telegram-battery.mjs && node scripts/desktop-battery.mjs && node scripts/desktop-staged-smoke.mjs && node scripts/grammar-battery.mjs && node scripts/e2e.mjs

npm warn Unknown env config "http-proxy". This will stop working in the next major version of npm.

> aide-sovereign-workbench@0.1.0-preflight test:workstation-foundation
> node --test tests/unit/test-workstation-drop-intent.mjs tests/unit/test-workstation-environment-profile.mjs tests/unit/test-workstation-presence.mjs tests/unit/test-workstation-media-lifecycle.mjs

✔ file drops form a scoped preview intent without approving execution (3.714348ms)
✔ project dispatches only its appropriate target (0.941339ms)
✔ file dispatches only its appropriate target (0.646886ms)
✔ model-artifact dispatches only its appropriate target (0.408405ms)
✔ profile dispatches only its appropriate target (0.37797ms)
✔ tool dispatches only its appropriate target (0.381575ms)
✔ application dispatches only its appropriate target (0.333733ms)
✔ native file metadata requests inspection without revealing a host path (0.55731ms)
✔ HTML is not a resource refuses before owner inspection (0.466434ms)
✔ URI does not trigger fetch refuses before owner inspection (0.491681ms)
✔ invalid JSON refuses before owner inspection (0.377209ms)
✔ oversized input refuses before owner inspection (0.302716ms)
✔ command field refuses before owner inspection (0.264268ms)
✔ prototype field refuses before owner inspection (0.164408ms)
✔ path field refuses before owner inspection (0.151909ms)
✔ foreign project refuses before owner inspection (0.248685ms)
✔ stale root refuses before owner inspection (0.136186ms)
✔ invalid geometry-free project binding and resource revisions reject (0.330758ms)
✔ no registered owner yields unavailable rather than a successful preview (0.624161ms)
✔ owner inspection is still effect-disabled and immutable (0.627936ms)
✔ project changes while an owner read is in flight discard the result (0.625803ms)
✔ root changes while an owner read is in flight discard the result (0.456398ms)
✔ invalidate cancels a hung owner read instead of resurrecting its preview (0.655258ms)
✔ dispose rejects new requests and cancels the previous one (0.596008ms)
✔ transfer accessors are rejected without invoking their getters (0.282826ms)
✔ native file element accessors are rejected before indexing (0.452523ms)
✔ owner cannot substitute resource identity or leak arbitrary fields (1.07444ms)
✔ concurrent inspection count is bounded and can be cancelled (1.022552ms)
✔ an unresponsive owner times out without any implicit fallback (18.359313ms)
✔ native metadata cannot masquerade as an authenticated file selection (2.056019ms)
✔ cancelled owner reads retain capacity until the owner actually settles (0.511961ms)
✔ complete profile preserves distinct references and layout without execution (3.873328ms)
✔ missing capabilities are listed without installation, grants or cloud routing (0.709279ms)
✔ catalog absence and owner errors stay unknown rather than missing or ready (0.925525ms)
✔ present catalog entry is not an authenticated or qualified route (0.463358ms)
✔ minimal profile supplies empty declarations without inventing defaults that run (0.284879ms)
✔ profile field command is rejected rather than silently activated (0.628868ms)
✔ profile field install is rejected rather than silently activated (0.329828ms)
✔ profile field credentials is rejected rather than silently activated (0.190908ms)
✔ profile field permissions is rejected rather than silently activated (0.306452ms)
✔ profile field cloudRouting is rejected rather than silently activated (0.679344ms)
✔ profile field hooks is rejected rather than silently activated (0.307924ms)
✔ terminal declarations cannot carry commands or raw shell strings (0.707387ms)
✔ duplicate window, terminal and role identities are rejected (0.871153ms)
✔ negative, oversized and nonfinite geometry cannot be restored (0.407915ms)
✔ resource array and total payload sizes are bounded (0.408986ms)
✔ prototype metadata and changed versions are not accepted (0.29209ms)
✔ inspection snapshots cannot be changed by later caller mutation (0.363858ms)
✔ invalid or absent project binding cannot apply a profile (0.505032ms)
✔ stopping both owned paths confirms observation without a model dependency (2.532277ms)
✔ a returned acknowledgment cannot overrule an active observed capture (0.628828ms)
✔ capture failure does not prevent stopping output (0.850201ms)
✔ unavailable observation cannot be called confirmed containment (0.493685ms)
✔ hanging stop is bounded while other path still stops (10.580518ms)
✔ concurrent stop reasons share one in-flight operation (0.749179ms)
✔ repeat attempts do not multiply a stop that has not actually settled (22.083691ms)
✔ hanging observation remains bounded and does not multiply (20.829496ms)
✔ operator stops optional media without restoring or starting it (0.86956ms)
✔ buddy-off stops optional media without restoring or starting it (0.462827ms)
✔ lock stops optional media without restoring or starting it (0.385761ms)
✔ sleep stops optional media without restoring or starting it (0.220963ms)
✔ restart stops optional media without restoring or starting it (0.210587ms)
✔ project-switch stops optional media without restoring or starting it (0.329367ms)
✔ dispose stops optional media without restoring or starting it (0.241704ms)
✔ renderer failure cannot prevent deterministic media teardown (0.43088ms)
✔ missing adapters are explicitly not configured rather than active devices (0.185339ms)
✔ an unrelated action is not accepted as a teardown reason (0.868378ms)
✔ malformed observed state remains unknown instead of coercing true to inactive (0.397119ms)
✔ an old inactive observation cannot confirm a later failed teardown (14.978888ms)
✔ idle requires fresh owner facts rather than a cosmetic gesture (3.129968ms)
✔ actual running task projects working but never verified success (1.169273ms)
✔ media dimensions coexist with an offline Resident (0.506583ms)
✔ stale facts become unknown, not inactive or ready (0.633915ms)
✔ foreign project or root generation cannot manufacture work or recording state (0.78916ms)
✔ future timestamps and task without identity are unknown (0.799525ms)
✔ pending decision is waiting, not delegated or verified (0.580134ms)
✔ warning and active capture retain distinct visible truth (0.502357ms)
✔ all four families preserve Resident identity, task and media facts (2.074467ms)
✔ cosmetic laptop or personality fields cannot overwrite operational truth (1.381943ms)
✔ hidden presence cancels optional rendering and timers; show reconciles freshness (0.792434ms)
✔ reduced motion is static; only one bounded freshness timer exists (0.453293ms)
✔ input mutation cannot change stored facts or skip expiry (0.699905ms)
✔ same semantic observation does not generate avatar chatter (20.590115ms)
✔ unbound and absent owner truth stay distinct (0.412351ms)
✔ unknown family and malformed owner records cannot execute contributions (0.571041ms)
✔ disposal cleans timers and remains terminal when the final renderer throws (0.31186ms)
✔ hiding cancels expiry even when rendering fails and a queued callback arrives late (0.468616ms)
ℹ tests 87
ℹ suites 0
ℹ pass 87
ℹ fail 0
ℹ cancelled 0
ℹ skipped 0
ℹ todo 0
ℹ duration_ms 209.565568
Could not find 'tests/unit/test-facade.mjs'
